// Jest Snapshot v1, https://goo.gl/fbAQLP

exports[`Create test cases for homepage mentors list Create a snapshot test 1`] = `
<DocumentFragment>
  <div
    class="mentorMainContainer"
  >
    <div
      class="main"
      style="padding-top: 5%;"
    >
      <h3>
        string.homePage.mentors.ourMentors
      </h3>
      <h2>
        string.homePage.mentors.learnAboutContributors
      </h2>
    </div>
    <div
      class="listContainer"
      style="margin: 6%;"
    >
      <div
        class="gridContent"
      >
        <div
          class="mainContent"
        >
          <div
            class="loader"
          >
            <span />
            <span />
            <span />
          </div>
        </div>
      </div>
    </div>
    <div
      class="registrationButton"
      style="margin: auto; padding: 5% 0px 10%;"
    >
      <button
        class="mainMentorRegistrationButton"
        type="button"
      >
        button.homePage.registerMentor
      </button>
    </div>
  </div>
</DocumentFragment>
`;
