// Jest Snapshot v1, https://goo.gl/fbAQLP

exports[`Create unit tests of category profile Make a snapshot tests 1`] = `
<DocumentFragment>
  <div
    class="mainContainer"
  >
    <img
      alt="JavaScript"
      src="CategoryIcon.svg"
    />
    <div
      class="categoryInfoContainer"
    >
      <div>
        <p
          class="categoryTitle"
          data-testid="JavaScript"
        >
          JavaScript
        </p>
        <p
          class="numberOfSubcategories"
        >
          3
        </p>
      </div>
      <img
        alt="JavaScript"
        src="RightArrow.svg"
      />
    </div>
  </div>
</DocumentFragment>
`;
