// Jest Snapshot v1, https://goo.gl/fbAQLP

exports[`Create test cases for SavedMentors component Create a snapshot test 1`] = `
<DocumentFragment>
  <div
    class="mainContainer"
  >
    <div
      class="mainContent"
    >
      <div
        class="loader"
      >
        <span />
        <span />
        <span />
      </div>
    </div>
  </div>
</DocumentFragment>
`;
