// Jest Snapshot v1, https://goo.gl/fbAQLP

exports[`Create test cases for ForgotPassword component Create a snapshot test 1`] = `
<DocumentFragment>
  <div
    style="margin-top: 10px;"
  >
    <div
      class="closeIcon"
    >
      <svg
        fill="currentColor"
        height="1em"
        stroke="currentColor"
        stroke-width="0"
        viewBox="0 0 24 24"
        width="1em"
        xmlns="http://www.w3.org/2000/svg"
      >
        <path
          d="M7,7 L17,17 M7,17 L17,7"
          fill="none"
          stroke="#000"
          stroke-width="2"
        />
      </svg>
    </div>
    <div
      class="headerContent"
    >
      <h2>
        string.forgotPsd.title
      </h2>
      <p
        style="text-align: center;"
      >
        string.forgotPsd.enterEmail
      </p>
      <p>
        string.forgotPsd.sendNotification
      </p>
    </div>
    <div
      style="margin: 20px 80px 0px 80px;"
    >
      <div
        class="textInputContainer"
      >
        <label
          for=""
        >
          form.labels.email
          <span
            style="color: red;"
          >
            *
          </span>
        </label>
        <input
          data-testid="lastNameInput"
          id=""
          name=""
          placeholder="form.placeholder.email"
          required=""
          type="text"
          value=""
        />
      </div>
      <div
        class="ForgotPasswordBtns"
      >
        <button
          class="anyBtn backButton"
          type="button"
        >
          Go Back
        </button>
        <button
          class="anyBtn continueButton"
          type="button"
        >
          Continue
        </button>
      </div>
    </div>
  </div>
</DocumentFragment>
`;
