// Jest Snapshot v1, https://goo.gl/fbAQLP

exports[`Create test cases for ForgotPassword component Create a snapshot test 1`] = `
<DocumentFragment>
  <div
    class="forgotpsdContainer"
  >
    <div
      class="closeIconX"
    >
      ✖
    </div>
    <div
      class="forgotpsd_box"
    >
      <div
        class="forgotpsd_box_title"
      >
        Forgot password
      </div>
      <div
        class="forgotpsd_box_subtitles"
      >
        <div
          class="forgotpsd_box_subtitle"
        >
          string.forgotPsd.enterEmail
        </div>
        <div
          class="forgotpsd_box_subtitle"
        >
          string.forgotPsd.sendNotification
        </div>
      </div>
    </div>
    <div
      class="forgotpsdContainer_mainBody"
    >
      <div
        class="textInputContainer"
      >
        <label
          for=""
        >
          form.labels.email
          <span
            style="color: red;"
          >
            *
          </span>
        </label>
        <input
          data-testid="lastNameInput"
          id=""
          name=""
          placeholder="form.placeholder.email"
          required=""
          type="text"
          value=""
        />
      </div>
      <div
        class="ForgotPasswordBtns"
      >
        <button
          class="anyBtn backButton"
          type="button"
        >
          Go Back
        </button>
        <button
          class="anyBtn continueButton"
          type="button"
        >
          Continue
        </button>
      </div>
    </div>
  </div>
</DocumentFragment>
`;
