// Jest Snapshot v1, https://goo.gl/fbAQLP

exports[`Create test cases for ModalMessageComponent Create a snapshot test 1`] = `
<DocumentFragment>
  <div
    class="mainContainer"
  >
    <div
      class="mainContent"
    >
      <img
        alt="Enrolled"
        src="Enroll.svg"
      />
      <div
        class="textContent"
      >
        <h2>
          string.courseDescriptionPage.title.modalSuccessTitle!
        </h2>
        <p>
          string.courseDescriptionPage.text.modalSuccessText!
        </p>
      </div>
      <div
        class="buttonContainer"
      >
        <button
          class="startEnrolledCourse"
          type="button"
        >
          button.courseDescriptionPage.modalStartCourse
        </button>
      </div>
    </div>
  </div>
</DocumentFragment>
`;
