// Jest Snapshot v1, https://goo.gl/fbAQLP

exports[`Create test cases for the Completed course component Create a snapshot test 1`] = `
<DocumentFragment>
  <div
    class="mainContainer"
  >
    <p
      class="courseTitle"
      data-testid="React js"
    >
      React js
    </p>
    <div
      class="separator"
    />
    <div
      class="container"
    >
      <p
        class="containerTitle"
      >
        string.myLearningPaths.completedCourse.status
      </p>
      <p
        class="statusContent"
        data-testid="COMPLETED"
      >
        COMPLETED
      </p>
    </div>
    <div
      class="separator"
    />
    <div
      class="container"
    >
      <p
        class="containerTitle"
      >
        string.myLearningPaths.completedCourse.grade
      </p>
      <p
        class="gradeContent"
        data-testid="90"
      >
        90/100
      </p>
    </div>
    <div
      class="separator"
    />
    <div
      class="buttonContainer"
    >
      <button
        class="rateCourse"
        type="button"
      >
        string.myLearningPaths.completedCourse.rateCourse
      </button>
    </div>
  </div>
</DocumentFragment>
`;
