// Jest Snapshot v1, https://goo.gl/fbAQLP

exports[`Create test cases for course description page Create a snapshot test 1`] = `
<DocumentFragment>
  <div
    class="mainContent"
  >
    <div
      class="headerContent"
    >
      <h2>
        string.courseDescriptionPage.title.summary
      </h2>
      <div
        class="headerIcons"
      >
        <div
          class="shareButton"
        >
          <img
            alt="shareButton.alt"
            class="shareIcon"
            src="ShareIcon.svg"
          />
        </div>
        <img
          alt="bookmark"
          src="bookMark.svg"
          style="font-size: 20px; cursor: pointer; fill: none;"
        />
      </div>
    </div>
    <div
      class="courseSummaryItemList"
    >
      <div
        class="mainContainer"
      >
        <img
          alt="Ellipse"
          class="ellipseIcon"
          src="Course-Summary-Ellipse.svg"
        />
        <div
          class="mainContent"
        >
          <h2>
            Rating
          </h2>
          <p>
            4.5
          </p>
        </div>
      </div>
      <div
        class="mainContainer"
      >
        <img
          alt="Ellipse"
          class="ellipseIcon"
          src="Course-Summary-Ellipse.svg"
        />
        <div
          class="mainContent"
        >
          <h2>
            Enrolled
          </h2>
          <p>
            2
          </p>
        </div>
      </div>
      <div
        class="mainContainer"
      >
        <img
          alt="Ellipse"
          class="ellipseIcon"
          src="Course-Summary-Ellipse.svg"
        />
        <div
          class="mainContent"
        >
          <h2>
            Course Level
          </h2>
          <p>
            Advanced
          </p>
        </div>
      </div>
      <div
        class="mainContainer"
      >
        <img
          alt="Ellipse"
          class="ellipseIcon"
          src="Course-Summary-Ellipse.svg"
        />
        <div
          class="mainContent"
        >
          <h2>
            Language
          </h2>
          <p>
            French
          </p>
        </div>
      </div>
      <div
        class="mainContainer"
      >
        <img
          alt="Ellipse"
          class="ellipseIcon"
          src="Course-Summary-Ellipse.svg"
        />
        <div
          class="mainContent"
        >
          <h2>
            Estimated Efforts
          </h2>
          <p>
            360
          </p>
        </div>
      </div>
    </div>
    <div
      class="buttonContainer"
    >
      <button
        class="courseSummaryButton"
        type="button"
      >
        button.courseDescriptionPage.enrollInCourse
      </button>
    </div>
  </div>
</DocumentFragment>
`;
