// Jest Snapshot v1, https://goo.gl/fbAQLP

exports[`Create test cases for course description page Create a snapshot test 1`] = `
<DocumentFragment>
  <div
    class="mainContent"
  >
    <div
      class="headerContent"
    >
      <h2>
        string.courseDescription.title.summary
      </h2>
      <div
        class="headerIcons"
      >
        <svg
          fill="none"
          height="1em"
          stroke="currentColor"
          stroke-linecap="round"
          stroke-linejoin="round"
          stroke-width="2"
          viewBox="0 0 24 24"
          width="1em"
          xmlns="http://www.w3.org/2000/svg"
        >
          <circle
            cx="18"
            cy="5"
            r="3"
          />
          <circle
            cx="6"
            cy="12"
            r="3"
          />
          <circle
            cx="18"
            cy="19"
            r="3"
          />
          <line
            x1="8.59"
            x2="15.42"
            y1="13.51"
            y2="17.49"
          />
          <line
            x1="15.41"
            x2="8.59"
            y1="6.51"
            y2="10.49"
          />
        </svg>
        <svg
          fill="none"
          height="1em"
          stroke="currentColor"
          stroke-linecap="round"
          stroke-linejoin="round"
          stroke-width="2"
          style="color: rgb(94, 97, 123); cursor: pointer; fill: none;"
          viewBox="0 0 24 24"
          width="1em"
          xmlns="http://www.w3.org/2000/svg"
        >
          <path
            d="M19 21l-7-5-7 5V5a2 2 0 0 1 2-2h10a2 2 0 0 1 2 2z"
          />
        </svg>
      </div>
    </div>
    <div
      class="courseSummaryItemList"
    >
      <div
        class="mainContainer"
      >
        <div
          class="mainSubContainer"
        >
          <div
            class="dotNotation"
          />
          <div
            class="mainContent"
          >
            <h2>
              rating
            </h2>
            <p>
              4.5
            </p>
          </div>
        </div>
      </div>
      <div
        class="mainContainer"
      >
        <div
          class="mainSubContainer"
        >
          <div
            class="dotNotation"
          />
          <div
            class="mainContent"
          >
            <h2>
              enrolled
            </h2>
            <p>
              2
            </p>
          </div>
        </div>
      </div>
      <div
        class="mainContainer"
      >
        <div
          class="mainSubContainer"
        >
          <div
            class="dotNotation"
          />
          <div
            class="mainContent"
          >
            <h2>
              level
            </h2>
            <p>
              Advanced
            </p>
          </div>
        </div>
      </div>
      <div
        class="mainContainer"
      >
        <div
          class="mainSubContainer"
        >
          <div
            class="dotNotation"
          />
          <div
            class="mainContent"
          >
            <h2>
              language
            </h2>
            <p>
              French
            </p>
          </div>
        </div>
      </div>
      <div
        class="mainContainer"
      >
        <div
          class="mainSubContainer"
        >
          <div
            class="dotNotation"
          />
          <div
            class="mainContent"
          >
            <h2>
              duration
            </h2>
            <p>
              360
            </p>
          </div>
        </div>
      </div>
    </div>
    <div
      class="buttonContainer"
    >
      <button
        type="button"
      >
        button.enroll
      </button>
    </div>
  </div>
</DocumentFragment>
`;
