// Jest Snapshot v1, https://goo.gl/fbAQLP

exports[`Create test cases for course description page Create a snapshot test 1`] = `
<DocumentFragment>
  <div
    class="mainContent"
  >
    <div
      class="headerContent"
    >
      <h2>
        string.courseDescriptionPage.title.summary
      </h2>
      <div
        class="headerIcons"
      >
        <div
          class="shareButton"
        >
          <img
            alt="shareButton.alt"
            class="shareIcon"
            src="ShareIcon.svg"
          />
        </div>
        <svg
          fill="none"
          height="1em"
          stroke="currentColor"
          stroke-linecap="round"
          stroke-linejoin="round"
          stroke-width="2"
          style="font-size: 20px; cursor: pointer; fill: none;"
          viewBox="0 0 24 24"
          width="1em"
          xmlns="http://www.w3.org/2000/svg"
        >
          <path
            d="M19 21l-7-5-7 5V5a2 2 0 0 1 2-2h10a2 2 0 0 1 2 2z"
          />
        </svg>
      </div>
    </div>
    <div
      class="courseSummaryItemList"
    >
      <div
        class="mainContainer"
      >
        <img
          alt="Ellipse"
          class="ellipseIcon"
          src="Course-Summary-Ellipse.svg"
        />
        <div
          class="mainContent"
        >
          <h2>
            Rating
          </h2>
          <p>
            4.5
          </p>
        </div>
      </div>
      <div
        class="mainContainer"
      >
        <img
          alt="Ellipse"
          class="ellipseIcon"
          src="Course-Summary-Ellipse.svg"
        />
        <div
          class="mainContent"
        >
          <h2>
            Enrolled
          </h2>
          <p>
            2
          </p>
        </div>
      </div>
      <div
        class="mainContainer"
      >
        <img
          alt="Ellipse"
          class="ellipseIcon"
          src="Course-Summary-Ellipse.svg"
        />
        <div
          class="mainContent"
        >
          <h2>
            Course Level
          </h2>
          <p>
            Advanced
          </p>
        </div>
      </div>
      <div
        class="mainContainer"
      >
        <img
          alt="Ellipse"
          class="ellipseIcon"
          src="Course-Summary-Ellipse.svg"
        />
        <div
          class="mainContent"
        >
          <h2>
            Language
          </h2>
          <p>
            French
          </p>
        </div>
      </div>
      <div
        class="mainContainer"
      >
        <img
          alt="Ellipse"
          class="ellipseIcon"
          src="Course-Summary-Ellipse.svg"
        />
        <div
          class="mainContent"
        >
          <h2>
            Estimated Efforts
          </h2>
          <p>
            360
          </p>
        </div>
      </div>
    </div>
    <div
      class="buttonContainer"
    >
      <button
        class="courseSummaryButton"
        type="button"
      >
        button.courseDescriptionPage.enrollInCourse
      </button>
    </div>
  </div>
</DocumentFragment>
`;
