// Jest Snapshot v1, https://goo.gl/fbAQLP

exports[`Create test cases for CourseSummaryItem Create a snapshot test 1`] = `
<DocumentFragment>
  <div
    class="mainContainer"
  >
    <img
      alt="Ellipse"
      class="ellipseIcon"
      src="Course-Summary-Ellipse.svg"
    />
    <div
      class="mainContent"
    >
      <h2>
        Rating
      </h2>
      <p>
        5
      </p>
    </div>
  </div>
</DocumentFragment>
`;
