// Jest Snapshot v1, https://goo.gl/fbAQLP

exports[`Create test cases for Header Create snapshot test 1`] = `
<DocumentFragment>
  <nav
    class="mainContent"
  >
    <h2>
      string.homePage.navBar.logo
    </h2>
    <div
      class="navMainContent"
    >
      <p
        class="navbarTitle"
      >
        string.homePage.navBar.allLearningPaths
      </p>
      <p
        class="navbarTitle"
      >
        string.homePage.navBar.myLearningPaths
      </p>
      <p
        class="navbarTitle"
      >
        string.homePage.navBar.mentors
      </p>
      <div
        class="bookmarkIconStyle"
      >
        <img
          alt="bookmark"
          src="bookMark.svg"
          style="font-size: 20px; cursor: pointer; fill: none;"
        />
      </div>
      <img
        alt="Notification"
        class="notificationIcon"
        src="Notification.svg"
      />
      <div
        class="userInfoContent"
      >
        <img
          alt="avatar"
          class="avatarLogo"
          src="https://reactjs.org/logo-og.png"
        />
        <img
          alt="Arrow down Icon"
          class="arrowDownIcon"
          src="Arrow-down.svg"
        />
      </div>
      <div />
    </div>
  </nav>
  <h1
    class="mainHeader"
  >
    string.myLearningPaths.mainHeaderTitle
  </h1>
  <nav
    class="courseNavigationBar"
  >
    <p
      class="activeNav"
      data-testid="All"
    >
      string.myLearningPaths.courseStatus.all
    </p>
    <p
      class="nonActiveNav"
      data-testid="InProgress"
    >
      string.myLearningPaths.courseStatus.inProgress
    </p>
    <p
      class="nonActiveNav"
      data-testid="Completed"
    >
      string.myLearningPaths.courseStatus.completed
    </p>
  </nav>
</DocumentFragment>
`;
