// Jest Snapshot v1, https://goo.gl/fbAQLP

exports[`Create test cases for Header Create snapshot test 1`] = `
<DocumentFragment>
  <nav
    class="mainContent"
  >
    <h2>
      string.homePage.navBar.logo
    </h2>
    <div
      class="navMainContent"
    >
      <p
        class="navbarTitle"
      >
        string.homePage.navBar.allLearningPaths
      </p>
      <p
        class="navbarTitle"
      >
        string.homePage.navBar.myLearningPaths
      </p>
      <p
        class="navbarTitle"
      >
        string.homePage.navBar.mentors
      </p>
      <div
        class="bookmarkIconStyle"
      >
        <svg
          fill="none"
          height="1em"
          stroke="currentColor"
          stroke-linecap="round"
          stroke-linejoin="round"
          stroke-width="2"
          style="font-size: 20px; cursor: pointer; fill: none;"
          viewBox="0 0 24 24"
          width="1em"
          xmlns="http://www.w3.org/2000/svg"
        >
          <path
            d="M19 21l-7-5-7 5V5a2 2 0 0 1 2-2h10a2 2 0 0 1 2 2z"
          />
        </svg>
      </div>
      <img
        alt="Notification"
        class="notificationIcon"
        src="Notification.svg"
      />
      <div
        class="userInfoContent"
      >
        <img
          alt="avatar"
          class="avatarLogo"
          src="https://reactjs.org/logo-og.png"
        />
        <img
          alt="Arrow down Icon"
          class="arrowDownIcon"
          src="Arrow-down.svg"
        />
      </div>
      <div />
    </div>
  </nav>
  <h1
    class="mainHeader"
  >
    string.myLearningPaths.mainHeaderTitle
  </h1>
  <nav
    class="courseNavigationBar"
  >
    <p
      class="activeNav"
      data-testid="All"
    >
      string.myLearningPaths.courseStatus.all
    </p>
    <p
      class="nonActiveNav"
      data-testid="InProgress"
    >
      string.myLearningPaths.courseStatus.inProgress
    </p>
    <p
      class="nonActiveNav"
      data-testid="Completed"
    >
      string.myLearningPaths.courseStatus.completed
    </p>
  </nav>
</DocumentFragment>
`;
