// Jest Snapshot v1, https://goo.gl/fbAQLP

exports[`Create test cases for InProgress component Create a snapshot test 1`] = `
<DocumentFragment>
  <div
    class="mainContainer"
  >
    <div
      class="titleContainer"
    >
      <p
        class="courseTitle"
        data-testid="React js"
      >
        React js
      </p>
      <div
        class="progressContainer"
      >
        <div
          class="progressBar"
        >
          <div
            class="progressing"
            style="width: 47%;"
          />
        </div>
        <p
          class="progressPercent"
          data-testid="47"
        >
          47%
        </p>
      </div>
      <p
        class="OverallProgress"
      >
        string.myLearningPaths.inProgressCourse.overallProgress
      </p>
    </div>
    <div
      class="separator"
    />
    <div
      class="container"
    >
      <p
        class="containerTitle"
      >
        string.myLearningPaths.inProgressCourse.remainingTime
      </p>
      <div
        class="remainingTimeContainer"
      >
        <img
          alt="clockIcon"
          class="timeIcon"
          src="ClockIcon.svg"
        />
        <p
          class="remainingTimeContent"
          data-testid="90"
        >
          90 minutes
        </p>
      </div>
    </div>
    <div
      class="separator"
    />
    <div
      class="container"
    >
      <p
        class="containerTitle"
      >
        string.myLearningPaths.inProgressCourse.status
      </p>
      <p
        class="statusContent"
        data-testid="In_Progress"
      >
        In_Progress
      </p>
    </div>
    <div
      class="separator"
    />
    <div
      class="container"
    >
      <p
        class="containerTitle"
      >
        string.myLearningPaths.inProgressCourse.dueDate
      </p>
      <div
        class="dueDateContainer"
      >
        <img
          alt="calendarIcon"
          class="calenderIcon"
          src="CalendarIcon.svg"
        />
        <p
          class="dueDateContent"
          data-testid="2022-05-07"
        >
          2022-05-07
        </p>
      </div>
    </div>
    <div
      class="separator"
    />
    <div
      class="buttonContainer"
    >
      <button
        class="resumeCourse"
        type="button"
      >
        button.myLearningPathsPage.resumeCourse
      </button>
    </div>
  </div>
</DocumentFragment>
`;
