// Jest Snapshot v1, https://goo.gl/fbAQLP

exports[`Create test cases for SavedCourseContent component Create a snapshot test 1`] = `
<DocumentFragment>
  <div
    class="coreContent"
  >
    <div
      class="mainContainer"
    >
      <h2
        data-testid="Empty data Message"
      >
        No data to display :(
      </h2>
    </div>
  </div>
</DocumentFragment>
`;
