// Jest Snapshot v1, https://goo.gl/fbAQLP

exports[`Create test cases for FilterComponent component Create a snapshot tets 1`] = `
<DocumentFragment>
  <div
    class="mainContainer"
    style="display: flex;"
  >
    <div
      class="filterMainContent"
    >
      <p
        class="mainTitle"
      >
        Filter
      </p>
    </div>
    <button
      class="visibilityButton"
      type="button"
    >
      &lt;
    </button>
  </div>
</DocumentFragment>
`;
