// Jest Snapshot v1, https://goo.gl/fbAQLP

exports[`Create test cases for FilterComponent component Create a snapshot tets 1`] = `
<DocumentFragment>
  <div
    class="mainContainer"
    style="display: flex;"
  >
    <div
      class="filterMainContent"
    >
      <p
        class="mainTitle"
      >
        string.learningPath.filter
      </p>
    </div>
  </div>
</DocumentFragment>
`;
