// Jest Snapshot v1, https://goo.gl/fbAQLP

exports[`Make unit tests of Navbar component Create a snapshot test 1`] = `
<DocumentFragment>
  <div
    class="desktopMenu"
  >
    <nav
      class="homePage"
    >
      <h2
        class="homePage_Logo"
      >
        string.homePage.navBar.logo
      </h2>
      <div
        class="homePage_leftMenu"
      >
        <p
          class="homePage_leftMenu_item"
        >
          string.homePage.navBar.exploreCategories
        </p>
        <p
          class="homePage_leftMenu_item"
        >
          string.homePage.navBar.mentors
        </p>
      </div>
      <div
        class="homePage_rightMenu"
      >
        <p
          class="homePage_rightMenu_item"
        >
          button.homePage.becomeMentor
        </p>
        <button
          class="homePage_btn"
          type="button"
        >
          button.homePage.signIn
        </button>
      </div>
    </nav>
  </div>
  <div
    class="mobileMenu"
  >
    <h2
      class="homePage_Logo"
    >
      string.homePage.navBar.logo
    </h2>
    <img
      alt="menu"
      class="mobileMenuButton "
      src="mobileMenu.svg"
    />
  </div>
</DocumentFragment>
`;
