// Jest Snapshot v1, https://goo.gl/fbAQLP

exports[`Make unit tests of Navbar component Create a snapshot test 1`] = `
<DocumentFragment>
  <nav
    class="navContainer"
  >
    <h2>
      string.homePage.navBar.logo
    </h2>
    <div
      class="navMainContent"
    >
      <div
        class="categoriesMentors"
      >
        <p>
          string.homePage.navBar.exploreCategories
        </p>
        <p>
          string.homePage.navBar.mentors
        </p>
      </div>
      <div
        class="buttonContent"
      >
        <button
          type="button"
        >
          button.homePage.becomeMentor
        </button>
        <button
          type="button"
        >
          button.homePage.signIn
        </button>
      </div>
    </div>
  </nav>
</DocumentFragment>
`;
