// Jest Snapshot v1, https://goo.gl/fbAQLP

exports[`Create test cases for CourseMainContent Create a snapshot test 1`] = `
<DocumentFragment>
  <div
    class="mainContent"
  >
    <h1
      class="mainTitle"
    >
      React
    </h1>
    <div
      class="mainCourseInfoContainer"
    >
      <div
        class="subContent"
      >
        <h2>
          string.courseDescriptionPage.title.description
        </h2>
        <p>
          This course talks about react
        </p>
      </div>
      <div
        class="subContent"
      >
        <h2>
          string.courseDescriptionPage.title.goal
        </h2>
        <p>
          The goal is to gain experience.
        </p>
      </div>
      <div
        class="subContent"
      >
        <h2>
          string.courseDescriptionPage.title.modulesList
        </h2>
        <div
          class="moduleListContainer"
        >
          <div
            class="mainContainer"
          >
            <div
              class="mainContent"
            >
              <div
                class="titleAndEllipseIcon"
              >
                <div
                  class="titleAndIconWrapper"
                >
                  <img
                    alt="ellipse icon"
                    class="ellipseIcon"
                    src="Ellipse.svg"
                  />
                  <p
                    class="moduleTitle"
                  >
                    React js
                  </p>
                </div>
              </div>
              <img
                alt="chevron"
                class="chevronIsClosed"
                src="ArrowRight.svg"
              />
            </div>
            <div
              class="moduleDescriptionIsClosed"
            >
              <p
                class="moduleTitle"
              >
                It talks about React
              </p>
            </div>
          </div>
        </div>
      </div>
    </div>
    <div
      class="authorInformationContainer"
    >
      <h2>
        string.courseDescriptionPage.title.authorInfo
      </h2>
      <div
        class="authorInfo"
      >
        <img
          alt="john Smith"
          class="mentorProfileImage"
          src="https://reactjs.org/logo-og.png"
        />
        <p>
          john Smith
        </p>
        <a
          href="myLinkedin.com"
        >
          <img
            alt="LinkedIn icon"
            src="LinkedIn.svg"
          />
        </a>
      </div>
    </div>
  </div>
</DocumentFragment>
`;
