// Jest Snapshot v1, https://goo.gl/fbAQLP

exports[`Create test cases for CourseMainContent Create a snapshot test 1`] = `
<DocumentFragment>
  <div
    class="mainContent"
  >
    <div
      class="titleContainer"
    >
      <h1
        class="mainTitle"
      >
        React
      </h1>
    </div>
    <div
      class="mainCourseInfoContainer"
    >
      <div
        class="subContent"
      >
        <h2>
          What You Will Learn
        </h2>
        <p>
          This course talks about react
        </p>
      </div>
      <div
        class="subContent"
      >
        <h2>
          Course Goal
        </h2>
        <p>
          The goal is to gain experience.
        </p>
      </div>
      <div
        class="subContent"
      >
        <h2>
          Modules in This Program
        </h2>
        <div
          class="moduleListContainer"
        >
          <div
            class="enrolledMainContainer"
          >
            <div
              class="mainContent"
            >
              <div
                class="titleAndEllipseIcon"
              >
                <div
                  class="titleAndIconWrapper"
                >
                  <img
                    alt="ellipse icon"
                    class="ellipseIcon"
                    src="Ellipse.svg"
                  />
                  <img
                    alt="vector"
                    class="vector"
                    src="Vector.svg"
                  />
                  <p
                    class="moduleTitle"
                  >
                    React js
                  </p>
                </div>
              </div>
              <img
                alt="chevron"
                class="chevronIsClosed"
                src="ArrowRight.svg"
              />
            </div>
            <div
              class="moduleDescriptionIsClosed"
            >
              <p
                class="moduleDecription"
              >
                It talks about React
              </p>
            </div>
          </div>
        </div>
      </div>
    </div>
    <div
      class="authorInformationContainer"
    >
      <h2>
        string.courseDescriptionPage.title.authorInfo
      </h2>
      <div
        class="authorInfo"
      >
        <img
          alt="john Smith"
          class="mentorProfileImage"
          src="https://reactjs.org/logo-og.png"
        />
        <p>
          john Smith
        </p>
        <div
          class="iconContent"
        >
          <div
            class="icon"
          >
            <a
              href="myLinkedin.com"
              rel="noopener noreferrer"
              target="_blank"
            >
              <svg
                class="icon"
                fill="currentColor"
                height="1em"
                stroke="currentColor"
                stroke-width="0"
                viewBox="0 0 1024 1024"
                width="1em"
                xmlns="http://www.w3.org/2000/svg"
              >
                <path
                  d="M847.7 112H176.3c-35.5 0-64.3 28.8-64.3 64.3v671.4c0 35.5 28.8 64.3 64.3 64.3h671.4c35.5 0 64.3-28.8 64.3-64.3V176.3c0-35.5-28.8-64.3-64.3-64.3zm0 736c-447.8-.1-671.7-.2-671.7-.3.1-447.8.2-671.7.3-671.7 447.8.1 671.7.2 671.7.3-.1 447.8-.2 671.7-.3 671.7zM230.6 411.9h118.7v381.8H230.6zm59.4-52.2c37.9 0 68.8-30.8 68.8-68.8a68.8 68.8 0 1 0-137.6 0c-.1 38 30.7 68.8 68.8 68.8zm252.3 245.1c0-49.8 9.5-98 71.2-98 60.8 0 61.7 56.9 61.7 101.2v185.7h118.6V584.3c0-102.8-22.2-181.9-142.3-181.9-57.7 0-96.4 31.7-112.3 61.7h-1.6v-52.2H423.7v381.8h118.6V604.8z"
                />
              </svg>
            </a>
          </div>
          <div
            class="icon"
          >
            <svg
              class="icon"
              fill="currentColor"
              height="1em"
              role="img"
              stroke="currentColor"
              stroke-width="0"
              viewBox="0 0 24 24"
              width="1em"
              xmlns="http://www.w3.org/2000/svg"
            >
              <title />
              <path
                d="M24 5.457v13.909c0 .904-.732 1.636-1.636 1.636h-3.819V11.73L12 16.64l-6.545-4.91v9.273H1.636A1.636 1.636 0 0 1 0 19.366V5.457c0-2.023 2.309-3.178 3.927-1.964L5.455 4.64 12 9.548l6.545-4.91 1.528-1.145C21.69 2.28 24 3.434 24 5.457z"
              />
            </svg>
          </div>
        </div>
      </div>
    </div>
  </div>
</DocumentFragment>
`;
