// Jest Snapshot v1, https://goo.gl/fbAQLP

exports[`Create unit tests for Footer component Create a snapshot test 1`] = `
<DocumentFragment>
  <div
    class="alreadyHaveAccount"
  >
    This is main text
    <span>
      <button
        class="account"
        type="button"
      >
        Sign In
      </button>
    </span>
  </div>
</DocumentFragment>
`;
