// Jest Snapshot v1, https://goo.gl/fbAQLP

exports[`Make unit tests of NavbarOnSignIn component Create a snapshot test 1`] = `
<DocumentFragment>
  <nav
    class="mainContent"
  >
    <h2>
      string.homePage.navBar.logo
    </h2>
    <div
      class="navMainContent"
    >
      <p
        class="navbarTitle"
      >
        string.homePage.navBar.allLearningPaths
      </p>
      <p
        class="navbarTitle"
      >
        string.homePage.navBar.myLearningPaths
      </p>
      <p
        class="navbarTitle"
      >
        string.homePage.navBar.mentors
      </p>
      <div
        class="bookmarkIconStyle"
      >
        <img
          alt="bookmark"
          src="bookMark.svg"
          style="font-size: 20px; cursor: pointer; fill: none;"
        />
      </div>
      <img
        alt="Notification"
        class="notificationIcon"
        src="Notification.svg"
      />
      <div
        class="userInfoContent"
      >
        <img
          alt="avatar"
          class="avatarLogo"
          src="https://reactjs.org/logo-og.png"
        />
        <img
          alt="Arrow down Icon"
          class="arrowDownIcon"
          src="Arrow-down.svg"
        />
      </div>
      <div />
    </div>
  </nav>
</DocumentFragment>
`;
