// Jest Snapshot v1, https://goo.gl/fbAQLP

exports[`Create several unit tests for Homepage Component Create a Snapshot test 1`] = `
<DocumentFragment>
  <nav
    class="mainContent"
  >
    <h2>
      string.homePage.navBar.logo
    </h2>
    <div
      class="navMainContent"
    >
      <p>
        string.homePage.navBar.allLearningPaths
      </p>
      <p>
        string.homePage.navBar.myLearningPaths
      </p>
      <p>
        string.homePage.navBar.mentors
      </p>
      <div
        class="bookmarkIconStyle"
      >
        <svg
          fill="none"
          height="1em"
          stroke="currentColor"
          stroke-linecap="round"
          stroke-linejoin="round"
          stroke-width="2"
          style="font-size: 20px; cursor: pointer; fill: none;"
          viewBox="0 0 24 24"
          width="1em"
          xmlns="http://www.w3.org/2000/svg"
        >
          <path
            d="M19 21l-7-5-7 5V5a2 2 0 0 1 2-2h10a2 2 0 0 1 2 2z"
          />
        </svg>
      </div>
      <img
        alt="Notification"
        class="notificationIcon"
        src="Notification.svg"
      />
      <div
        class="userInfoContent"
      >
        <img
          alt="avatar"
          class="avatarLogo"
          src="https://reactjs.org/logo-og.png"
        />
        <img
          alt="Arrow down Icon"
          class="arrowDownIcon"
          src="Arrow-down.svg"
        />
      </div>
    </div>
  </nav>
  <div
    class="mainContent"
  >
    <div
      class="leftContent"
    >
      <h1>
        string.homePage.header.educationalPlatform
      </h1>
      <p>
        string.homePage.header.chooseCategories
      </p>
      <div
        class="buttonContainer"
      >
        <button
          class="headerButton headerButton__signUp"
          type="button"
        >
          button.homePage.signUp
        </button>
        <button
          class="headerButton headerButton__signIn"
          type="button"
        >
          button.homePage.signIn
        </button>
      </div>
    </div>
    <div
      class="rightContent"
    >
      <img
        alt="Education platform logo"
        src="HomepageMainImage.svg"
      />
    </div>
  </div>
  <div
    class="categoriesMainContainer"
  >
    <div
      class="main"
    >
      <h3>
        string.homePage.categories.title
      </h3>
      <h2>
        string.homePage.categories.exploreCategories
      </h2>
    </div>
    <div
      class="listContainer"
      style="background-color: rgb(249, 250, 253); margin: 0px 6%;"
    >
      <div
        class="gridContent"
      >
        <div
          class="mainContent"
        >
          <div
            class="loader"
          >
            <span />
            <span />
            <span />
          </div>
        </div>
      </div>
    </div>
    <div
      class="registrationButton"
      style="margin: 2rem auto 4rem;"
    >
      <button
        class="mainMentorRegistrationButton"
        type="button"
      >
        button.homePage.seeAll
      </button>
    </div>
  </div>
  <div
    class="mentorMainContainer"
  >
    <div
      class="main"
      style="padding-top: 5%;"
    >
      <h3>
        string.homePage.mentors.ourMentors
      </h3>
      <h2>
        string.homePage.mentors.learnAboutContributors
      </h2>
    </div>
    <div
      class="listContainer"
      style="margin: 6%;"
    >
      <div
        class="gridContent"
      >
        <div
          class="mainContent"
        >
          <div
            class="loader"
          >
            <span />
            <span />
            <span />
          </div>
        </div>
      </div>
    </div>
    <div
      class="registrationButton"
      style="margin: auto; padding: 5% 0px 10%;"
    >
      <button
        class="mainMentorRegistrationButton"
        type="button"
      >
        button.homePage.registerMentor
      </button>
    </div>
  </div>
  <div
    class="mainContainer"
  >
    <h2>
      string.homePage.footer.startJourney
    </h2>
    <div
      class="buttonContainer"
    >
      <button
        class="signUpFooter signUpFooter__student"
        type="button"
      >
        button.homePage.signUpStudent
      </button>
      <button
        class="signUpFooter signUpFooter__mentor"
        type="button"
      >
        button.homePage.signUpMentor
      </button>
    </div>
  </div>
  <h2>
    string.homePage.navBar.logo
  </h2>
</DocumentFragment>
`;
