// Jest Snapshot v1, https://goo.gl/fbAQLP

exports[`Create test cases for homepage categories list Create a snapshot test 1`] = `
<DocumentFragment>
  <div
    class="categoriesMainContainer"
  >
    <div
      class="main"
    >
      <h3>
        string.homePage.categories.title
      </h3>
      <h2>
        string.homePage.categories.exploreCategories
      </h2>
    </div>
    <div
      class="listContainer"
      style="background-color: rgb(249, 250, 253); margin: 0px 6%;"
    >
      <div
        class="gridContent"
      >
        <div
          class="mainContent"
        >
          <div
            class="loader"
          >
            <span />
            <span />
            <span />
          </div>
        </div>
      </div>
    </div>
    <div
      class="registrationButton"
      style="margin: 2rem auto 4rem;"
    >
      <button
        class="mainMentorRegistrationButton"
        type="button"
      >
        button.homePage.seeAll
      </button>
    </div>
  </div>
</DocumentFragment>
`;
