// Jest Snapshot v1, https://goo.gl/fbAQLP

exports[`Create test cases for homepage categories list Create a snapshot test 1`] = `
<DocumentFragment>
  <div
    class="categoriesMainContainer"
  >
    <p
      class="categoriesTitle"
    >
      string.homePage.categories.title
    </p>
    <p
      class="categoriesSumtitle"
    >
      string.homePage.categories.exploreCategories
    </p>
    <div
      class="listContainer"
      style="background-color: rgb(255, 255, 255); margin: 0px 3%;"
    >
      <div
        class="gridContent"
      >
        <div
          class="mainContent"
        >
          <div
            class="loader"
          >
            <span />
            <span />
            <span />
          </div>
        </div>
      </div>
    </div>
    <div
      class="registrationButton"
    >
      <a
        href="/categories/subcategories"
      >
        <button
          class="regButton btnBelow"
          type="button"
        >
          button.homePage.seeAll
        </button>
      </a>
    </div>
  </div>
</DocumentFragment>
`;
